AR ordinary_mux behavioral C:/Users/AAST/Downloads/DE/MohamedNasserMohamedAlmaghraby_19102722_2021/ORDINARY_MUX.vhd sub00/vhpl20 1653341754
AR register_file behavioral C:/Users/AAST/Downloads/DE/MohamedNasserMohamedAlmaghraby_19102722_2021/REGISTER_FILE.vhd sub00/vhpl27 1653341758
EN mips_single_cycle_processor NULL C:/Users/AAST/Downloads/DE/MohamedNasserMohamedAlmaghraby_19102722_2021/MIPS_SINGLE_CYCLE_PROCESSOR.vhd sub00/vhpl30 1653341777
AR mainalu behavioral C:/Users/AAST/Downloads/DE/MohamedNasserMohamedAlmaghraby_19102722_2021/MAINALU.vhd sub00/vhpl16 1653341750
AR branch_alu behavioral C:/Users/AAST/Downloads/DE/MohamedNasserMohamedAlmaghraby_19102722_2021/BRANCH_ALU.vhd sub00/vhpl06 1653341762
AR jump_shiftleft behavioral C:/Users/AAST/Downloads/DE/MohamedNasserMohamedAlmaghraby_19102722_2021/JUMP_SHIFTLEFT.vhd sub00/vhpl14 1653341776
EN controluni NULL C:/Users/AAST/Downloads/DE/MohamedNasserMohamedAlmaghraby_19102722_2021/CONTROLUNIT.vhd sub00/vhpl11 1653341755
AR register_mux behavioral C:/Users/AAST/Downloads/DE/MohamedNasserMohamedAlmaghraby_19102722_2021/REGISTER_MUX.vhd sub00/vhpl29 1653341760
EN instruction_memory NULL C:/Users/AAST/Downloads/DE/MohamedNasserMohamedAlmaghraby_19102722_2021/INSTRUCTION_MEMORY.vhd sub00/vhpl00 1653341747
EN alu_control NULL C:/Users/AAST/Downloads/DE/MohamedNasserMohamedAlmaghraby_19102722_2021/ALU_CONTROL.vhd sub00/vhpl02 1653341751
EN register_mux NULL C:/Users/AAST/Downloads/DE/MohamedNasserMohamedAlmaghraby_19102722_2021/REGISTER_MUX.vhd sub00/vhpl28 1653341759
EN mainalu NULL C:/Users/AAST/Downloads/DE/MohamedNasserMohamedAlmaghraby_19102722_2021/MAINALU.vhd sub00/vhpl15 1653341749
AR ordinary_signextend behavioral C:/Users/AAST/Downloads/DE/MohamedNasserMohamedAlmaghraby_19102722_2021/ORDINARY_SIGNEXTEND.vhd sub00/vhpl22 1653341768
AR mips_single_cycle_processor behavioral C:/Users/AAST/Downloads/DE/MohamedNasserMohamedAlmaghraby_19102722_2021/MIPS_SINGLE_CYCLE_PROCESSOR.vhd sub00/vhpl31 1653341778
EN pc NULL C:/Users/AAST/Downloads/DE/MohamedNasserMohamedAlmaghraby_19102722_2021/PC.vhd sub00/vhpl24 1653341773
AR alu_control behavioral C:/Users/AAST/Downloads/DE/MohamedNasserMohamedAlmaghraby_19102722_2021/ALU_CONTROL.vhd sub00/vhpl03 1653341752
AR pc_adder behavioral C:/Users/AAST/Downloads/DE/MohamedNasserMohamedAlmaghraby_19102722_2021/PC_ADDER.vhd sub00/vhpl23 1653341772
AR main_memory behavioral C:/Users/AAST/Downloads/DE/MohamedNasserMohamedAlmaghraby_19102722_2021/MAIN_MEMORY.vhd sub00/vhpl18 1653341770
EN branch_shift_left NULL C:/Users/AAST/Downloads/DE/MohamedNasserMohamedAlmaghraby_19102722_2021/BRANCH_SHIFT_LEFT.vhd sub00/vhpl09 1653341765
EN register_file NULL C:/Users/AAST/Downloads/DE/MohamedNasserMohamedAlmaghraby_19102722_2021/REGISTER_FILE.vhd sub00/vhpl26 1653341757
EN main_memory NULL C:/Users/AAST/Downloads/DE/MohamedNasserMohamedAlmaghraby_19102722_2021/MAIN_MEMORY.vhd sub00/vhpl17 1653341769
AR controluni behavioral C:/Users/AAST/Downloads/DE/MohamedNasserMohamedAlmaghraby_19102722_2021/CONTROLUNIT.vhd sub00/vhpl12 1653341756
EN ordinary_mux NULL C:/Users/AAST/Downloads/DE/MohamedNasserMohamedAlmaghraby_19102722_2021/ORDINARY_MUX.vhd sub00/vhpl19 1653341753
EN branch_and NULL C:/Users/AAST/Downloads/DE/MohamedNasserMohamedAlmaghraby_19102722_2021/BRANCH_AND.vhd sub00/vhpl07 1653341763
EN branch_alu NULL C:/Users/AAST/Downloads/DE/MohamedNasserMohamedAlmaghraby_19102722_2021/BRANCH_ALU.vhd sub00/vhpl05 1653341761
EN ordinary_signextend NULL C:/Users/AAST/Downloads/DE/MohamedNasserMohamedAlmaghraby_19102722_2021/ORDINARY_SIGNEXTEND.vhd sub00/vhpl21 1653341767
AR branch_and behavioral C:/Users/AAST/Downloads/DE/MohamedNasserMohamedAlmaghraby_19102722_2021/BRANCH_AND.vhd sub00/vhpl08 1653341764
AR pc behavioral C:/Users/AAST/Downloads/DE/MohamedNasserMohamedAlmaghraby_19102722_2021/PC.vhd sub00/vhpl25 1653341774
AR branch_shift_left behavioral C:/Users/AAST/Downloads/DE/MohamedNasserMohamedAlmaghraby_19102722_2021/BRANCH_SHIFT_LEFT.vhd sub00/vhpl10 1653341766
AR instruction_memory behavioral C:/Users/AAST/Downloads/DE/MohamedNasserMohamedAlmaghraby_19102722_2021/INSTRUCTION_MEMORY.vhd sub00/vhpl01 1653341748
EN pc_adder NULL C:/Users/AAST/Downloads/DE/MohamedNasserMohamedAlmaghraby_19102722_2021/PC_ADDER.vhd sub00/vhpl04 1653341771
EN jump_shiftleft NULL C:/Users/AAST/Downloads/DE/MohamedNasserMohamedAlmaghraby_19102722_2021/JUMP_SHIFTLEFT.vhd sub00/vhpl13 1653341775
